> Task :app:preBuild UP-TO-DATE
> Task :app:preDebugBuild UP-TO-DATE
> Task :app:mergeDebugNativeDebugMetadata NO-SOURCE
> Task :app:checkKotlinGradlePluginConfigurationErrors SKIPPED
> Task :app:checkDebugAarMetadata UP-TO-DATE
> Task :app:processDebugNavigationResources UP-TO-DATE
> Task :app:compileDebugNavigationResources UP-TO-DATE
> Task :app:generateDebugResValues UP-TO-DATE
> Task :app:mapDebugSourceSetPaths UP-TO-DATE
> Task :app:generateDebugResources UP-TO-DATE
> Task :app:mergeDebugResources UP-TO-DATE
> Task :app:packageDebugResources UP-TO-DATE
> Task :app:parseDebugLocalResources UP-TO-DATE
> Task :app:createDebugCompatibleScreenManifests UP-TO-DATE
> Task :app:extractDeepLinksDebug UP-TO-DATE
> Task :app:processDebugMainManifest UP-TO-DATE
> Task :app:processDebugManifest UP-TO-DATE
> Task :app:processDebugManifestForPackage UP-TO-DATE
> Task :app:processDebugResources UP-TO-DATE
> Task :app:javaPreCompileDebug UP-TO-DATE
> Task :app:mergeDebugShaders UP-TO-DATE
> Task :app:compileDebugShaders NO-SOURCE
> Task :app:generateDebugAssets UP-TO-DATE
> Task :app:mergeDebugAssets UP-TO-DATE
> Task :app:compressDebugAssets UP-TO-DATE
> Task :app:checkDebugDuplicateClasses UP-TO-DATE
> Task :app:desugarDebugFileDependencies UP-TO-DATE
> Task :app:mergeExtDexDebug UP-TO-DATE
> Task :app:mergeLibDexDebug UP-TO-DATE
> Task :app:mergeDebugJniLibFolders UP-TO-DATE
> Task :app:mergeDebugNativeLibs UP-TO-DATE
> Task :app:stripDebugDebugSymbols UP-TO-DATE
> Task :app:validateSigningDebug UP-TO-DATE
> Task :app:writeDebugAppMetadata UP-TO-DATE
> Task :app:writeDebugSigningConfigVersions UP-TO-DATE

> Task :app:compileDebugKotlin FAILED
.\gradlew : e: file://
/C:/Users/Mallavarapu%
20Mahendra/AndroidStud
ioProjects/CXTRIAGEAI/
app/src/main/java/com/
simats/cxtriageai/Regi
strationActivity.kt:14
4:22 Unresolved 
reference 'TextView'.
At line:1 char:1
+ .\gradlew 
assembleDebug > 
build_output.txt 2>&1
+ ~~~~~~~~~~~~~~~~~~~~
~~~~~~~~~~~~~~~~~~~~~~
~~~~~
    + CategoryInfo    
          : NotSpeci  
  fied: (e: file://   
 /C:/U...nce 'Text    
View'.:String) []    
, RemoteException
    + FullyQualifiedE 
   rrorId : NativeCo  
  mmandError
 
e: file:///C:/Users/Ma
llavarapu%20Mahendra/A
ndroidStudioProjects/C
XTRIAGEAI/app/src/main
/java/com/simats/cxtri
ageai/RegistrationActi
vity.kt:144:54 Cannot 
infer type for this 
parameter. Please 
specify it explicitly.
e: file:///C:/Users/Ma
llavarapu%20Mahendra/A
ndroidStudioProjects/C
XTRIAGEAI/app/src/main
/java/com/simats/cxtri
ageai/RegistrationActi
vity.kt:144:54 
Unresolved reference. 
None of the following 
candidates is 
applicable because of 
a receiver type 
mismatch:
fun <T> 
T.apply(block: T.() 
-> Unit): T
    [R|Contract 
description]
     <
        
CallsInPlace(block, 
EXACTLY_ONCE)
    >
e: file:///C:/Users/Ma
llavarapu%20Mahendra/A
ndroidStudioProjects/C
XTRIAGEAI/app/src/main
/java/com/simats/cxtri
ageai/RegistrationActi
vity.kt:144:60 Cannot 
infer type for this 
parameter. Please 
specify it explicitly.
e: file:///C:/Users/Ma
llavarapu%20Mahendra/A
ndroidStudioProjects/C
XTRIAGEAI/app/src/main
/java/com/simats/cxtri
ageai/RegistrationActi
vity.kt:145:13 
Unresolved reference 
'setTextColor'.
e: file:///C:/Users/Ma
llavarapu%20Mahendra/A
ndroidStudioProjects/C
XTRIAGEAI/app/src/main
/java/com/simats/cxtri
ageai/RegistrationActi
vity.kt:146:13 
Unresolved reference 
'typeface'.
e: file:///C:/Users/Ma
llavarapu%20Mahendra/A
ndroidStudioProjects/C
XTRIAGEAI/app/src/main
/java/com/simats/cxtri
ageai/SettingsActivity
.kt:209:30 Unresolved 
reference 'ImageView'.
e: file:///C:/Users/Ma
llavarapu%20Mahendra/A
ndroidStudioProjects/C
XTRIAGEAI/app/src/main
/java/com/simats/cxtri
ageai/SettingsActivity
.kt:209:63 Cannot 
infer type for this 
parameter. Please 
specify it explicitly.
e: file:///C:/Users/Ma
llavarapu%20Mahendra/A
ndroidStudioProjects/C
XTRIAGEAI/app/src/main
/java/com/simats/cxtri
ageai/SettingsActivity
.kt:209:63 Unresolved 
reference. None of 
the following 
candidates is 
applicable because of 
a receiver type 
mismatch:
fun <T> 
T.apply(block: T.() 
-> Unit): T
    [R|Contract 
description]
     <
        
CallsInPlace(block, 
EXACTLY_ONCE)
    >
e: file:///C:/Users/Ma
llavarapu%20Mahendra/A
ndroidStudioProjects/C
XTRIAGEAI/app/src/main
/java/com/simats/cxtri
ageai/SettingsActivity
.kt:209:69 Cannot 
infer type for this 
parameter. Please 
specify it explicitly.
e: file:///C:/Users/Ma
llavarapu%20Mahendra/A
ndroidStudioProjects/C
XTRIAGEAI/app/src/main
/java/com/simats/cxtri
ageai/SettingsActivity
.kt:210:13 Unresolved 
reference 
'imageTintList'.

FAILURE: Build failed 
with an exception.

* What went wrong:
Execution failed for 
task ':app:compileDebu
gKotlin'.
> A failure occurred 
while executing org.je
tbrains.kotlin.compile
rRunner.GradleCompiler
RunnerWithWorkers$Grad
leKotlinCompilerWorkAc
tion
   > Compilation 
error. See log for 
more details

* Try:
> Run with 
--stacktrace option 
to get the stack 
trace.
> Run with --info or 
--debug option to get 
more log output.
> Run with --scan to 
get full insights.
> Get more help at htt
ps://help.gradle.org.

BUILD FAILED in 21s
30 actionable tasks: 1 executed, 29 up-to-date
