Initialized native services in: C:\Users\Mallavarapu Mahendra\.gradle\native
Initialized jansi services in: C:\Users\Mallavarapu Mahendra\.gradle\native
The client will now receive all logging from the daemon (pid: 33604). The daemon log file: C:\Users\Mallavarapu Mahendra\.gradle\daemon\8.13\daemon-33604.out.log
Starting 6th build in daemon [uptime: 2 hrs 42 mins 30.01 secs, performance: 98%, GC rate: 0.00/s, heap usage: 0% of 4 GiB, non-heap usage: 15% of 1 GiB]
Using 16 worker leases.
Now considering [C:\Users\Mallavarapu Mahendra\AndroidStudioProjects\CXTRIAGEAI] as hierarchies to watch
Watching the file system is configured to be enabled if available
File system watching is active
Starting Build
Resolved plugin [id: 'org.gradle.toolchains.foojay-resolver-convention', version: '1.0.0']
Settings evaluated using settings file 'C:\Users\Mallavarapu Mahendra\AndroidStudioProjects\CXTRIAGEAI\settings.gradle.kts'.
Projects loaded. Root project using build file 'C:\Users\Mallavarapu Mahendra\AndroidStudioProjects\CXTRIAGEAI\build.gradle.kts'.
Included projects: [root project 'CXTRIAGE AI', project ':app']

> Configure project :
Evaluating root project 'CXTRIAGE AI' using build file 'C:\Users\Mallavarapu Mahendra\AndroidStudioProjects\CXTRIAGEAI\build.gradle.kts'.
Resolved plugin [id: 'com.android.application', version: '8.13.2', apply: false]
Resolved plugin [id: 'org.jetbrains.kotlin.android', version: '2.0.21', apply: false]

> Configure project :app
Evaluating project ':app' using build file 'C:\Users\Mallavarapu Mahendra\AndroidStudioProjects\CXTRIAGEAI\app\build.gradle.kts'.
Resolved plugin [id: 'com.android.application', version: '8.13.2']
Resolved plugin [id: 'org.jetbrains.kotlin.android', version: '2.0.21']
Using default execution profile
Using Kotlin Gradle Plugin gradle85 variant
All projects evaluated.
Task path ':app:compileDebugKotlin' matched project ':app'
Task name matched 'compileDebugKotlin'
Adding -Xuse-inline-scopes-numbers Kotlin compiler flag for task :app:compileDebugKotlin
Selected primary task 'compileDebugKotlin' from project :app
Tasks to be executed: [task ':app:checkKotlinGradlePluginConfigurationErrors', task ':app:preBuild', task ':app:preDebugBuild', task ':app:checkDebugAarMetadata', task ':app:processDebugNavigationResources', task ':app:compileDebugNavigationResources', task ':app:generateDebugResValues', task ':app:mapDebugSourceSetPaths', task ':app:generateDebugResources', task ':app:mergeDebugResources', task ':app:packageDebugResources', task ':app:parseDebugLocalResources', task ':app:createDebugCompatibleScreenManifests', task ':app:extractDeepLinksDebug', task ':app:processDebugMainManifest', task ':app:processDebugManifest', task ':app:processDebugManifestForPackage', task ':app:processDebugResources', task ':app:compileDebugKotlin']
Tasks that were excluded: []
Resolve mutations for :app:checkKotlinGradlePluginConfigurationErrors (Thread[#841,Execution worker,5,main]) started.
:app:checkKotlinGradlePluginConfigurationErrors (Thread[#841,Execution worker,5,main]) started.

> Task :app:checkKotlinGradlePluginConfigurationErrors SKIPPED
Skipping task ':app:checkKotlinGradlePluginConfigurationErrors' as task onlyIf 'errorDiagnostics are present' is false.
Resolve mutations for :app:preBuild (Thread[#841,Execution worker,5,main]) started.
:app:preBuild (Thread[#841,Execution worker,5,main]) started.

> Task :app:preBuild UP-TO-DATE
Skipping task ':app:preBuild' as it has no actions.
Resolve mutations for :app:preDebugBuild (Thread[#849,Execution worker Thread 9,5,main]) started.
:app:preDebugBuild (Thread[#849,Execution worker Thread 9,5,main]) started.

> Task :app:preDebugBuild UP-TO-DATE
Skipping task ':app:preDebugBuild' as it has no actions.
Resolve mutations for :app:checkDebugAarMetadata (Thread[#849,Execution worker Thread 9,5,main]) started.
:app:checkDebugAarMetadata (Thread[#849,Execution worker Thread 9,5,main]) started.

> Task :app:checkDebugAarMetadata UP-TO-DATE
Caching disabled for task ':app:checkDebugAarMetadata' because:
  Build cache is disabled
  Caching has been disabled for the task
Skipping task ':app:checkDebugAarMetadata' as it is up-to-date.
Resolve mutations for :app:processDebugNavigationResources (Thread[#849,Execution worker Thread 9,5,main]) started.
:app:processDebugNavigationResources (Thread[#849,Execution worker Thread 9,5,main]) started.

> Task :app:processDebugNavigationResources UP-TO-DATE
Caching disabled for task ':app:processDebugNavigationResources' because:
  Build cache is disabled
Skipping task ':app:processDebugNavigationResources' as it is up-to-date.
Resolve mutations for :app:compileDebugNavigationResources (Thread[#849,Execution worker Thread 9,5,main]) started.
:app:compileDebugNavigationResources (Thread[#849,Execution worker Thread 9,5,main]) started.

> Task :app:compileDebugNavigationResources UP-TO-DATE
Caching disabled for task ':app:compileDebugNavigationResources' because:
  Build cache is disabled
Skipping task ':app:compileDebugNavigationResources' as it is up-to-date.
Resolve mutations for :app:generateDebugResValues (Thread[#849,Execution worker Thread 9,5,main]) started.
:app:generateDebugResValues (Thread[#849,Execution worker Thread 9,5,main]) started.

> Task :app:generateDebugResValues UP-TO-DATE
Caching disabled for task ':app:generateDebugResValues' because:
  Build cache is disabled
Skipping task ':app:generateDebugResValues' as it is up-to-date.
Resolve mutations for :app:mapDebugSourceSetPaths (Thread[#849,Execution worker Thread 9,5,main]) started.
:app:mapDebugSourceSetPaths (Thread[#850,Execution worker Thread 10,5,main]) started.

> Task :app:mapDebugSourceSetPaths UP-TO-DATE
Caching disabled for task ':app:mapDebugSourceSetPaths' because:
  Build cache is disabled
  Caching has been disabled for the task
Skipping task ':app:mapDebugSourceSetPaths' as it is up-to-date.
Resolve mutations for :app:generateDebugResources (Thread[#850,Execution worker Thread 10,5,main]) started.
:app:generateDebugResources (Thread[#850,Execution worker Thread 10,5,main]) started.

> Task :app:generateDebugResources UP-TO-DATE
Caching disabled for task ':app:generateDebugResources' because:
  Build cache is disabled
Skipping task ':app:generateDebugResources' as it is up-to-date.
Resolve mutations for :app:mergeDebugResources (Thread[#850,Execution worker Thread 10,5,main]) started.
:app:mergeDebugResources (Thread[#849,Execution worker Thread 9,5,main]) started.

> Task :app:mergeDebugResources UP-TO-DATE
Caching disabled for task ':app:mergeDebugResources' because:
  Build cache is disabled
Skipping task ':app:mergeDebugResources' as it is up-to-date.
Resolve mutations for :app:packageDebugResources (Thread[#849,Execution worker Thread 9,5,main]) started.
:app:packageDebugResources (Thread[#849,Execution worker Thread 9,5,main]) started.

> Task :app:packageDebugResources UP-TO-DATE
Caching disabled for task ':app:packageDebugResources' because:
  Build cache is disabled
Skipping task ':app:packageDebugResources' as it is up-to-date.
Resolve mutations for :app:parseDebugLocalResources (Thread[#849,Execution worker Thread 9,5,main]) started.
:app:parseDebugLocalResources (Thread[#849,Execution worker Thread 9,5,main]) started.

> Task :app:parseDebugLocalResources UP-TO-DATE
Caching disabled for task ':app:parseDebugLocalResources' because:
  Build cache is disabled
Skipping task ':app:parseDebugLocalResources' as it is up-to-date.
Resolve mutations for :app:createDebugCompatibleScreenManifests (Thread[#849,Execution worker Thread 9,5,main]) started.
:app:createDebugCompatibleScreenManifests (Thread[#849,Execution worker Thread 9,5,main]) started.

> Task :app:createDebugCompatibleScreenManifests UP-TO-DATE
Caching disabled for task ':app:createDebugCompatibleScreenManifests' because:
  Build cache is disabled
  Caching has been disabled for the task
Skipping task ':app:createDebugCompatibleScreenManifests' as it is up-to-date.
Resolve mutations for :app:extractDeepLinksDebug (Thread[#849,Execution worker Thread 9,5,main]) started.
:app:extractDeepLinksDebug (Thread[#851,Execution worker Thread 11,5,main]) started.

> Task :app:extractDeepLinksDebug UP-TO-DATE
Caching disabled for task ':app:extractDeepLinksDebug' because:
  Build cache is disabled
Skipping task ':app:extractDeepLinksDebug' as it is up-to-date.
Resolve mutations for :app:processDebugMainManifest (Thread[#851,Execution worker Thread 11,5,main]) started.
:app:processDebugMainManifest (Thread[#851,Execution worker Thread 11,5,main]) started.

> Task :app:processDebugMainManifest UP-TO-DATE
Caching disabled for task ':app:processDebugMainManifest' because:
  Build cache is disabled
Skipping task ':app:processDebugMainManifest' as it is up-to-date.
Resolve mutations for :app:processDebugManifest (Thread[#851,Execution worker Thread 11,5,main]) started.
:app:processDebugManifest (Thread[#851,Execution worker Thread 11,5,main]) started.

> Task :app:processDebugManifest UP-TO-DATE
Caching disabled for task ':app:processDebugManifest' because:
  Build cache is disabled
Skipping task ':app:processDebugManifest' as it is up-to-date.
Resolve mutations for :app:processDebugManifestForPackage (Thread[#851,Execution worker Thread 11,5,main]) started.
:app:processDebugManifestForPackage (Thread[#851,Execution worker Thread 11,5,main]) started.

> Task :app:processDebugManifestForPackage UP-TO-DATE
Custom actions are attached to task ':app:processDebugManifestForPackage'.
Caching disabled for task ':app:processDebugManifestForPackage' because:
  Build cache is disabled
Skipping task ':app:processDebugManifestForPackage' as it is up-to-date.
Resolve mutations for :app:processDebugResources (Thread[#851,Execution worker Thread 11,5,main]) started.
:app:processDebugResources (Thread[#851,Execution worker Thread 11,5,main]) started.

> Task :app:processDebugResources UP-TO-DATE
Caching disabled for task ':app:processDebugResources' because:
  Build cache is disabled
Skipping task ':app:processDebugResources' as it is up-to-date.
Resolve mutations for :app:compileDebugKotlin (Thread[#851,Execution worker Thread 11,5,main]) started.
:app:compileDebugKotlin (Thread[#851,Execution worker Thread 11,5,main]) started.

> Task :app:compileDebugKotlin UP-TO-DATE
Adding -Xuse-inline-scopes-numbers Kotlin compiler flag for task :app:compileDebugAndroidTestKotlin
GradleBuildProject.Builder should not be accessed through AnalyticsConfiguratorService after AnalyticsService is created. Analytics information of this build might be incomplete.
Caching disabled for task ':app:compileDebugKotlin' because:
  Build cache is disabled
Skipping task ':app:compileDebugKotlin' as it is up-to-date.

BUILD SUCCESSFUL in 3s
16 actionable tasks: 16 up-to-date
Watched directory hierarchies: [C:\Users\Mallavarapu Mahendra\AndroidStudioProjects\CXTRIAGEAI]
